// Jest Snapshot v1, https://goo.gl/fbAQLP

exports[`ArticleHeader ArticleHeader初期値: article 1`] = `
"<div>
  <div class=\\"article-header\\">
    <article-category-stub category=\\"[object Object]\\"></article-category-stub>
    <article-date-stub createdat=\\"2020-07-04T10:53:40.252Z\\" updatedat=\\"2020-07-08T15:15:07.668Z\\"></article-date-stub>
    <base-heading-stub hlv=\\"1\\">
      この文章はダミーです。文字の大きさ、量、字間、行間等を確認するために入れています
    </base-heading-stub>
    <article-tag-stub tags=\\"[object Object]\\"></article-tag-stub>
  </div>
</div>"
`;
