// Jest Snapshot v1, https://goo.gl/fbAQLP

exports[`NavBar logoTextが反映されているか 1`] = `
"<div>
  <div class=\\"nav-bar\\">
    <div class=\\"nav-bar__box\\"><a href=\\"\\" class=\\"base-link--extend base-link\\">ダミーロゴ</a>
      <ul class=\\"nav-list\\">
        <li class=\\"nav-list__item\\">
          <div>
            <div class=\\"nav-item\\"><a href=\\"\\" class=\\"base-link--extend base-link\\">
                <div class=\\"nav-item__contents\\"><img src=\\"http://placehold.jp/150x150.png\\" alt=\\"ダミー1の画像\\" class=\\"base-img--extend base-img--sm\\">
                  <p class=\\"base-text--extend\\">ダミー1</p>
                </div>
              </a></div>
          </div>
        </li>
        <li class=\\"nav-list__item\\">
          <div>
            <div class=\\"nav-item\\"><a href=\\"\\" class=\\"base-link--extend base-link\\">
                <div class=\\"nav-item__contents\\"><img src=\\"http://placehold.jp/150x150.png\\" alt=\\"ダミー2の画像\\" class=\\"base-img--extend base-img--sm\\">
                  <p class=\\"base-text--extend\\">ダミー2</p>
                </div>
              </a></div>
          </div>
        </li>
        <li class=\\"nav-list__item\\">
          <div>
            <div class=\\"nav-item\\"><a href=\\"\\" class=\\"base-link--extend base-link\\">
                <div class=\\"nav-item__contents\\"><img src=\\"http://placehold.jp/150x150.png\\" alt=\\"ダミー3の画像\\" class=\\"base-img--extend base-img--sm\\">
                  <p class=\\"base-text--extend\\">ダミー3</p>
                </div>
              </a></div>
          </div>
        </li>
        <li class=\\"nav-list__item\\">
          <div>
            <div class=\\"nav-item\\"><a href=\\"\\" class=\\"base-link--extend base-link\\">
                <div class=\\"nav-item__contents\\"><img src=\\"http://placehold.jp/150x150.png\\" alt=\\"ダミー4の画像\\" class=\\"base-img--extend base-img--sm\\">
                  <p class=\\"base-text--extend\\">ダミー4</p>
                </div>
              </a></div>
          </div>
        </li>
      </ul>
    </div>
  </div>
</div>"
`;
