// Jest Snapshot v1, https://goo.gl/fbAQLP

exports[`SnsIcons 値がDOMに反映されているか 1`] = `
"<div class=\\"sns-icon\\"><a to=\\"\\" href=\\"http://placehold.jp\\" class=\\"base-link--extend\\"><img src=\\"http://placehold.jp/150x150.png\\" alt=\\"ダミーアイコンアイコン\\" class=\\"base-img--extend base-img--lg\\">
    ダミーアイコン
  </a></div>"
`;
