// Jest Snapshot v1, https://goo.gl/fbAQLP

exports[`ArticlePagination ArticlePagination初期値: currentPage, maxPage 1`] = `
"<div>
  <div class=\\"article-pagination\\">
    <base-link-stub routeto=\\"[object Object]\\"><span>
        &lt;
      </span></base-link-stub>
    <base-text-stub> 1/2 </base-text-stub>
    <base-link-stub routeto=\\"[object Object]\\"><span>
        &gt;
      </span></base-link-stub>
  </div>
</div>"
`;
