// Jest Snapshot v1, https://goo.gl/fbAQLP

exports[`ClassificationTitle ClassificationTitle初期値(category): imgUrl 1`] = `
"<div>
  <div class=\\"classification-title\\">
    <h1 class=\\"classification-title__title\\"></h1>
    <base-img-webp-stub imgurl=\\"http://placehold.jp/150x150.png\\" imgalt=\\"ロゴ\\" size=\\"lg\\"></base-img-webp-stub>
  </div>
</div>"
`;

exports[`ClassificationTitle ClassificationTitle初期値(tag): imgUrl 1`] = `
"<div>
  <div class=\\"classification-title\\">
    <h1 class=\\"classification-title__title\\"></h1>
    <base-img-webp-stub imgurl=\\"http://placehold.jp/150x150.png\\" imgalt=\\"ロゴ\\" size=\\"lg\\"></base-img-webp-stub>
  </div>
</div>"
`;
